#line 1 "prepro60.bi"
Function FASTCALL ESXDOSWrite(ByVal handle as Byte, _
                     ByVal buffer as UInteger, _
                     ByVal nbytes as UInteger) as Uinteger
End Function
