#line 1 "prepro64.bi"

#line 3 "prepro64.bi"

#line 1 "/zxbasic/src/arch/zx48k/library/pos.bas"













#line 15 "/zxbasic/src/arch/zx48k/library/pos.bas"

#pragma push(case_insensitive)
#pragma case_insensitive = true









function FASTCALL pos as ubyte
    asm
    push namespace core
    PROC

    call __LOAD_S_POSN
    ld <pos.bas>, e

    ENDP
    pop namespace
    end asm
end function

#pragma pop(case_insensitive)
#require "sposn.asm"


#line 45 "/zxbasic/src/arch/zx48k/library/pos.bas"
#line 5 "prepro64.bi"


