#line 1 "prepro80.bi"




	asm 
		halt 
		halt 
	end asm
#line 9

#line 11 "prepro80.bi"

