#line 1 "prepro03.bi"

#line 3 "prepro03.bi"
#line 4 "prepro03.bi"

x
y




