#line 1 "stringizing2.bi"




"""a """" string"""


